2025-02-27 14:29:09 0 [Note] Starting MariaDB 10.4.32-MariaDB source revision c4143f909528e3fab0677a28631d10389354c491 as process 14424
2025-02-27 14:29:09 0 [Note] InnoDB: Mutexes and rw_locks use Windows interlocked functions
2025-02-27 14:29:09 0 [Note] InnoDB: Uses event mutexes
2025-02-27 14:29:09 0 [Note] InnoDB: Compressed tables use zlib 1.3
2025-02-27 14:29:09 0 [Note] InnoDB: Number of pools: 1
2025-02-27 14:29:09 0 [Note] InnoDB: Using SSE2 crc32 instructions
2025-02-27 14:29:09 0 [Note] InnoDB: Initializing buffer pool, total size = 16M, instances = 1, chunk size = 16M
2025-02-27 14:29:09 0 [Note] InnoDB: Completed initialization of buffer pool
2025-02-27 14:29:09 0 [Note] InnoDB: Starting crash recovery from checkpoint LSN=300288
2025-02-27 14:29:09 0 [Note] InnoDB: 128 out of 128 rollback segments are active.
2025-02-27 14:29:09 0 [Note] InnoDB: Removed temporary tablespace data file: "ibtmp1"
2025-02-27 14:29:09 0 [Note] InnoDB: Creating shared tablespace for temporary tables
2025-02-27 14:29:09 0 [Note] InnoDB: Setting file 'C:\Users\user\Desktop\GymProjekt\xampp\mysql\data\ibtmp1' size to 12 MB. Physically writing the file full; Please wait ...
2025-02-27 14:29:09 0 [Note] InnoDB: File 'C:\Users\user\Desktop\GymProjekt\xampp\mysql\data\ibtmp1' size is now 12 MB.
2025-02-27 14:29:09 0 [Note] InnoDB: Waiting for purge to start
2025-02-27 14:29:09 0 [Note] InnoDB: 10.4.32 started; log sequence number 300297; transaction id 170
2025-02-27 14:29:09 0 [Note] InnoDB: Loading buffer pool(s) from C:\Users\user\Desktop\GymProjekt\xampp\mysql\data\ib_buffer_pool
2025-02-27 14:29:09 0 [Note] Plugin 'FEEDBACK' is disabled.
2025-02-27 14:29:09 0 [Note] Server socket created on IP: '::'.
2025-03-04  9:22:24 0 [Note] Starting MariaDB 10.4.32-MariaDB source revision c4143f909528e3fab0677a28631d10389354c491 as process 11784
2025-03-04  9:22:24 0 [Note] InnoDB: Mutexes and rw_locks use Windows interlocked functions
2025-03-04  9:22:24 0 [Note] InnoDB: Uses event mutexes
2025-03-04  9:22:24 0 [Note] InnoDB: Compressed tables use zlib 1.3
2025-03-04  9:22:24 0 [Note] InnoDB: Number of pools: 1
2025-03-04  9:22:24 0 [Note] InnoDB: Using SSE2 crc32 instructions
2025-03-04  9:22:24 0 [Note] InnoDB: Initializing buffer pool, total size = 16M, instances = 1, chunk size = 16M
2025-03-04  9:22:24 0 [Note] InnoDB: Completed initialization of buffer pool
2025-03-04  9:22:24 0 [Note] InnoDB: Starting crash recovery from checkpoint LSN=479450
2025-03-04  9:22:25 0 [Note] InnoDB: 128 out of 128 rollback segments are active.
2025-03-04  9:22:25 0 [Note] InnoDB: Removed temporary tablespace data file: "ibtmp1"
2025-03-04  9:22:25 0 [Note] InnoDB: Creating shared tablespace for temporary tables
2025-03-04  9:22:25 0 [Note] InnoDB: Setting file 'C:\Users\Felhasznalo3\Desktop\GymProjekt\xampp\mysql\data\ibtmp1' size to 12 MB. Physically writing the file full; Please wait ...
2025-03-04  9:22:25 0 [Note] InnoDB: File 'C:\Users\Felhasznalo3\Desktop\GymProjekt\xampp\mysql\data\ibtmp1' size is now 12 MB.
2025-03-04  9:22:25 0 [Note] InnoDB: Waiting for purge to start
2025-03-04  9:22:25 0 [Note] InnoDB: 10.4.32 started; log sequence number 479459; transaction id 329
2025-03-04  9:22:25 0 [Note] InnoDB: Loading buffer pool(s) from C:\Users\Felhasznalo3\Desktop\GymProjekt\xampp\mysql\data\ib_buffer_pool
2025-03-04  9:22:25 0 [Note] Plugin 'FEEDBACK' is disabled.
2025-03-04  9:22:25 0 [Note] InnoDB: Buffer pool(s) load completed at 250304  9:22:25
2025-03-04  9:22:25 0 [Note] Server socket created on IP: '::'.
2025-03-04 10:28:37 0 [Note] Starting MariaDB 10.4.32-MariaDB source revision c4143f909528e3fab0677a28631d10389354c491 as process 9468
2025-03-04 10:28:37 0 [ERROR] InnoDB: The innodb_system data file 'ibdata1' must be writable
2025-03-04 10:28:37 0 [ERROR] InnoDB: The innodb_system data file 'ibdata1' must be writable
2025-03-04 10:28:37 0 [ERROR] Plugin 'InnoDB' registration as a STORAGE ENGINE failed.
2025-03-04 10:28:37 0 [Note] Plugin 'FEEDBACK' is disabled.
2025-03-04 10:28:37 0 [ERROR] Unknown/unsupported storage engine: InnoDB
2025-03-04 10:28:37 0 [ERROR] Aborting
2025-03-05  9:55:28 0 [Note] Starting MariaDB 10.4.32-MariaDB source revision c4143f909528e3fab0677a28631d10389354c491 as process 9820
2025-03-05  9:55:28 0 [Note] InnoDB: Mutexes and rw_locks use Windows interlocked functions
2025-03-05  9:55:28 0 [Note] InnoDB: Uses event mutexes
2025-03-05  9:55:28 0 [Note] InnoDB: Compressed tables use zlib 1.3
2025-03-05  9:55:28 0 [Note] InnoDB: Number of pools: 1
2025-03-05  9:55:28 0 [Note] InnoDB: Using SSE2 crc32 instructions
2025-03-05  9:55:28 0 [Note] InnoDB: Initializing buffer pool, total size = 16M, instances = 1, chunk size = 16M
2025-03-05  9:55:28 0 [Note] InnoDB: Completed initialization of buffer pool
2025-03-05  9:55:28 0 [Note] InnoDB: Starting crash recovery from checkpoint LSN=480014
2025-03-05  9:55:28 0 [Note] InnoDB: 128 out of 128 rollback segments are active.
2025-03-05  9:55:28 0 [Note] InnoDB: Removed temporary tablespace data file: "ibtmp1"
2025-03-05  9:55:28 0 [Note] InnoDB: Creating shared tablespace for temporary tables
2025-03-05  9:55:28 0 [Note] InnoDB: Setting file 'C:\Users\Felhasznalo3\Desktop\GymProjekt\xampp\mysql\data\ibtmp1' size to 12 MB. Physically writing the file full; Please wait ...
2025-03-05  9:55:28 0 [Note] InnoDB: File 'C:\Users\Felhasznalo3\Desktop\GymProjekt\xampp\mysql\data\ibtmp1' size is now 12 MB.
2025-03-05  9:55:28 0 [Note] InnoDB: 10.4.32 started; log sequence number 480023; transaction id 353
2025-03-05  9:55:28 0 [Note] InnoDB: Loading buffer pool(s) from C:\Users\Felhasznalo3\Desktop\GymProjekt\xampp\mysql\data\ib_buffer_pool
2025-03-05  9:55:28 0 [Note] Plugin 'FEEDBACK' is disabled.
2025-03-05  9:55:28 0 [Note] InnoDB: Buffer pool(s) load completed at 250305  9:55:28
2025-03-05  9:55:28 0 [Note] Server socket created on IP: '::'.
2025-03-05  9:55:28 0 [Note] Reading of all Master_info entries succeeded
2025-03-05  9:55:28 0 [Note] Added new Master_info '' to hash table
2025-03-05  9:55:28 0 [Note] mysql\bin\mysqld.exe: ready for connections.
Version: '10.4.32-MariaDB'  socket: ''  port: 3306  mariadb.org binary distribution
2025-03-05 10:52:45 13 [ERROR] mysqld.exe: Ervenytelen info a file-ban: '.\mysql\user.frm'
2025-03-05 10:52:49 15 [ERROR] mysqld.exe: Ervenytelen info a file-ban: '.\mysql\user.frm'
2025-03-05 10:52:49 17 [ERROR] mysqld.exe: Ervenytelen info a file-ban: '.\mysql\user.frm'
2025-03-05 10:52:49 21 [ERROR] mysqld.exe: Ervenytelen info a file-ban: '.\mysql\user.frm'
2025-03-05 10:52:59 25 [ERROR] mysqld.exe: Ervenytelen info a file-ban: '.\mysql\user.frm'
2025-03-05 10:59:28 27 [ERROR] mysqld.exe: Ervenytelen info a file-ban: '.\mysql\user.frm'
2025-03-05 10:59:29 29 [ERROR] mysqld.exe: Ervenytelen info a file-ban: '.\mysql\user.frm'
2025-03-05 10:59:29 31 [ERROR] mysqld.exe: Ervenytelen info a file-ban: '.\mysql\user.frm'
2025-03-05 10:59:29 33 [ERROR] mysqld.exe: Ervenytelen info a file-ban: '.\mysql\user.frm'
2025-03-05 10:59:35 35 [ERROR] mysqld.exe: Ervenytelen info a file-ban: '.\mysql\user.frm'
2025-03-05 10:59:36 37 [ERROR] mysqld.exe: Ervenytelen info a file-ban: '.\mysql\user.frm'
2025-03-05 10:59:40 39 [ERROR] mysqld.exe: Ervenytelen info a file-ban: '.\mysql\user.frm'
2025-03-05 10:59:40 41 [ERROR] mysqld.exe: Ervenytelen info a file-ban: '.\mysql\user.frm'
2025-03-05 10:59:53 43 [ERROR] mysqld.exe: Ervenytelen info a file-ban: '.\mysql\user.frm'
2025-03-05 10:59:53 45 [ERROR] mysqld.exe: Ervenytelen info a file-ban: '.\mysql\user.frm'
2025-03-05 10:59:55 47 [ERROR] mysqld.exe: Ervenytelen info a file-ban: '.\mysql\user.frm'
2025-03-05 10:59:55 49 [ERROR] mysqld.exe: Ervenytelen info a file-ban: '.\mysql\user.frm'
2025-03-05 10:59:59 51 [ERROR] mysqld.exe: Ervenytelen info a file-ban: '.\mysql\user.frm'
2025-03-05 11:01:44 59 [ERROR] mysqld.exe: Ervenytelen info a file-ban: '.\mysql\user.frm'
2025-03-05 11:04:23 61 [ERROR] mysqld.exe: Ervenytelen info a file-ban: '.\mysql\user.frm'
2025-03-05 11:04:23 63 [ERROR] mysqld.exe: Ervenytelen info a file-ban: '.\mysql\user.frm'
2025-03-05 11:04:23 65 [ERROR] mysqld.exe: Ervenytelen info a file-ban: '.\mysql\user.frm'
2025-03-05 11:04:24 67 [ERROR] mysqld.exe: Ervenytelen info a file-ban: '.\mysql\user.frm'
2025-03-05 11:04:24 69 [ERROR] mysqld.exe: Ervenytelen info a file-ban: '.\mysql\user.frm'
2025-03-05 11:04:24 71 [ERROR] mysqld.exe: Ervenytelen info a file-ban: '.\mysql\user.frm'
2025-03-05 11:04:28 73 [ERROR] mysqld.exe: Ervenytelen info a file-ban: '.\mysql\user.frm'
2025-03-05 11:04:29 75 [ERROR] mysqld.exe: Ervenytelen info a file-ban: '.\mysql\user.frm'
2025-03-05 11:04:36 77 [ERROR] mysqld.exe: Ervenytelen info a file-ban: '.\mysql\user.frm'
2025-03-05 11:04:36 79 [ERROR] mysqld.exe: Ervenytelen info a file-ban: '.\mysql\user.frm'
2025-03-05 11:04:37 81 [ERROR] mysqld.exe: Ervenytelen info a file-ban: '.\mysql\user.frm'
2025-03-05 11:04:47 83 [ERROR] mysqld.exe: Ervenytelen info a file-ban: '.\mysql\user.frm'
2025-03-05 11:04:47 85 [ERROR] mysqld.exe: Ervenytelen info a file-ban: '.\mysql\user.frm'
2025-03-05 11:04:47 87 [ERROR] mysqld.exe: Ervenytelen info a file-ban: '.\mysql\user.frm'
2025-03-05 11:04:53 89 [ERROR] mysqld.exe: Ervenytelen info a file-ban: '.\mysql\user.frm'
2025-03-05 11:04:53 91 [ERROR] mysqld.exe: Ervenytelen info a file-ban: '.\mysql\user.frm'
2025-03-05 11:04:58 93 [ERROR] mysqld.exe: Ervenytelen info a file-ban: '.\mysql\user.frm'
2025-03-05 11:04:58 95 [ERROR] mysqld.exe: Ervenytelen info a file-ban: '.\mysql\user.frm'
2025-03-05 11:04:58 97 [ERROR] mysqld.exe: Ervenytelen info a file-ban: '.\mysql\user.frm'
2025-03-05 11:05:10 99 [ERROR] mysqld.exe: Ervenytelen info a file-ban: '.\mysql\user.frm'
2025-03-05 11:05:10 101 [ERROR] mysqld.exe: Ervenytelen info a file-ban: '.\mysql\user.frm'
2025-03-05 11:05:16 103 [ERROR] mysqld.exe: Ervenytelen info a file-ban: '.\mysql\user.frm'
2025-03-05 11:05:16 105 [ERROR] mysqld.exe: Ervenytelen info a file-ban: '.\mysql\user.frm'
2025-03-05 11:05:16 107 [ERROR] mysqld.exe: Ervenytelen info a file-ban: '.\mysql\user.frm'
2025-03-05 11:06:29 109 [ERROR] mysqld.exe: Ervenytelen info a file-ban: '.\mysql\user.frm'
2025-03-05 11:06:29 111 [ERROR] mysqld.exe: Ervenytelen info a file-ban: '.\mysql\user.frm'
2025-03-05 11:06:32 113 [ERROR] mysqld.exe: Ervenytelen info a file-ban: '.\mysql\user.frm'
2025-03-05 11:06:32 115 [ERROR] mysqld.exe: Ervenytelen info a file-ban: '.\mysql\user.frm'
2025-03-05 11:06:32 117 [ERROR] mysqld.exe: Ervenytelen info a file-ban: '.\mysql\user.frm'
2025-03-05 11:07:34 119 [ERROR] mysqld.exe: Ervenytelen info a file-ban: '.\mysql\user.frm'
2025-03-05 11:07:34 121 [ERROR] mysqld.exe: Ervenytelen info a file-ban: '.\mysql\user.frm'
2025-03-05 11:08:14 123 [ERROR] mysqld.exe: Ervenytelen info a file-ban: '.\mysql\user.frm'
2025-03-05 11:08:15 125 [ERROR] mysqld.exe: Ervenytelen info a file-ban: '.\mysql\user.frm'
2025-03-05 11:08:16 127 [ERROR] mysqld.exe: Ervenytelen info a file-ban: '.\mysql\user.frm'
2025-03-05 11:08:16 129 [ERROR] mysqld.exe: Ervenytelen info a file-ban: '.\mysql\user.frm'
2025-03-05 11:08:16 131 [ERROR] mysqld.exe: Ervenytelen info a file-ban: '.\mysql\user.frm'
2025-03-05 11:23:50 211 [ERROR] mysqld.exe: Ervenytelen info a file-ban: '.\mysql\user.frm'
2025-03-05 11:25:13 233 [ERROR] mysqld.exe: Ervenytelen info a file-ban: '.\mysql\user.frm'
2025-03-05 11:25:13 235 [ERROR] mysqld.exe: Ervenytelen info a file-ban: '.\mysql\user.frm'
2025-03-05 11:25:18 237 [ERROR] mysqld.exe: Ervenytelen info a file-ban: '.\mysql\user.frm'
2025-03-05 11:25:18 239 [ERROR] mysqld.exe: Ervenytelen info a file-ban: '.\mysql\user.frm'
2025-03-05 11:25:19 241 [ERROR] mysqld.exe: Ervenytelen info a file-ban: '.\mysql\user.frm'
2025-03-05 11:25:20 243 [ERROR] mysqld.exe: Ervenytelen info a file-ban: '.\mysql\user.frm'
2025-03-05 11:25:24 245 [ERROR] mysqld.exe: Ervenytelen info a file-ban: '.\mysql\user.frm'
2025-03-05 11:25:28 247 [ERROR] mysqld.exe: Ervenytelen info a file-ban: '.\mysql\user.frm'
2025-03-05 11:25:28 249 [ERROR] mysqld.exe: Ervenytelen info a file-ban: '.\mysql\user.frm'
2025-03-05 11:26:42 251 [ERROR] mysqld.exe: Ervenytelen info a file-ban: '.\mysql\user.frm'
2025-03-05 11:26:49 253 [ERROR] mysqld.exe: Ervenytelen info a file-ban: '.\mysql\user.frm'
2025-03-05 11:26:49 255 [ERROR] mysqld.exe: Ervenytelen info a file-ban: '.\mysql\user.frm'
2025-03-05 11:26:49 257 [ERROR] mysqld.exe: Ervenytelen info a file-ban: '.\mysql\user.frm'
2025-03-05 11:26:50 259 [ERROR] mysqld.exe: Ervenytelen info a file-ban: '.\mysql\user.frm'
2025-03-05 11:26:50 261 [ERROR] mysqld.exe: Ervenytelen info a file-ban: '.\mysql\user.frm'
2025-03-05 11:26:50 263 [ERROR] mysqld.exe: Ervenytelen info a file-ban: '.\mysql\user.frm'
2025-03-05 11:26:51 265 [ERROR] mysqld.exe: Ervenytelen info a file-ban: '.\mysql\user.frm'
2025-03-05 11:26:52 267 [ERROR] mysqld.exe: Ervenytelen info a file-ban: '.\mysql\user.frm'
2025-03-05 11:29:26 269 [ERROR] mysqld.exe: Ervenytelen info a file-ban: '.\mysql\user.frm'
2025-03-05 11:29:26 271 [ERROR] mysqld.exe: Ervenytelen info a file-ban: '.\mysql\user.frm'
2025-03-05 11:29:33 273 [ERROR] mysqld.exe: Ervenytelen info a file-ban: '.\mysql\user.frm'
2025-03-05 11:29:35 275 [ERROR] mysqld.exe: Ervenytelen info a file-ban: '.\mysql\user.frm'
2025-03-05 11:29:37 277 [ERROR] mysqld.exe: Ervenytelen info a file-ban: '.\mysql\user.frm'
2025-03-05 11:29:40 279 [ERROR] mysqld.exe: Ervenytelen info a file-ban: '.\mysql\user.frm'
2025-03-05 11:29:41 281 [ERROR] mysqld.exe: Ervenytelen info a file-ban: '.\mysql\user.frm'
2025-03-05 11:29:43 283 [ERROR] mysqld.exe: Ervenytelen info a file-ban: '.\mysql\user.frm'
2025-03-05 11:29:45 285 [ERROR] mysqld.exe: Ervenytelen info a file-ban: '.\mysql\user.frm'
2025-03-05 11:29:48 287 [ERROR] mysqld.exe: Ervenytelen info a file-ban: '.\mysql\user.frm'
2025-03-05 11:29:49 289 [ERROR] mysqld.exe: Ervenytelen info a file-ban: '.\mysql\user.frm'
2025-03-05 11:29:49 293 [ERROR] mysqld.exe: Ervenytelen info a file-ban: '.\mysql\user.frm'
2025-03-05 11:30:00 297 [ERROR] mysqld.exe: Ervenytelen info a file-ban: '.\mysql\user.frm'
2025-03-05 11:30:01 299 [ERROR] mysqld.exe: Ervenytelen info a file-ban: '.\mysql\user.frm'
2025-03-05 11:30:01 301 [ERROR] mysqld.exe: Ervenytelen info a file-ban: '.\mysql\user.frm'
2025-03-05 11:30:05 303 [ERROR] mysqld.exe: Ervenytelen info a file-ban: '.\mysql\user.frm'
2025-03-05 11:30:05 305 [ERROR] mysqld.exe: Ervenytelen info a file-ban: '.\mysql\user.frm'
2025-03-05 11:30:20 307 [ERROR] mysqld.exe: Ervenytelen info a file-ban: '.\mysql\user.frm'
2025-03-05 11:30:20 309 [ERROR] mysqld.exe: Ervenytelen info a file-ban: '.\mysql\user.frm'
2025-03-05 11:30:20 311 [ERROR] mysqld.exe: Ervenytelen info a file-ban: '.\mysql\user.frm'
2025-03-05 11:31:00 313 [ERROR] mysqld.exe: Ervenytelen info a file-ban: '.\mysql\user.frm'
2025-03-05 11:31:00 315 [ERROR] mysqld.exe: Ervenytelen info a file-ban: '.\mysql\user.frm'
2025-03-05 11:31:00 317 [ERROR] mysqld.exe: Ervenytelen info a file-ban: '.\mysql\user.frm'
2025-03-05 11:31:03 319 [ERROR] mysqld.exe: Ervenytelen info a file-ban: '.\mysql\user.frm'
2025-03-05 11:31:04 321 [ERROR] mysqld.exe: Ervenytelen info a file-ban: '.\mysql\user.frm'
2025-03-05 11:31:04 323 [ERROR] mysqld.exe: Ervenytelen info a file-ban: '.\mysql\user.frm'
2025-03-05 11:31:05 325 [ERROR] mysqld.exe: Ervenytelen info a file-ban: '.\mysql\user.frm'
2025-03-05 11:31:05 327 [ERROR] mysqld.exe: Ervenytelen info a file-ban: '.\mysql\user.frm'
2025-03-05 11:31:06 329 [ERROR] mysqld.exe: Ervenytelen info a file-ban: '.\mysql\user.frm'
2025-03-05 11:31:14 331 [ERROR] mysqld.exe: Ervenytelen info a file-ban: '.\mysql\user.frm'
2025-03-05 11:31:14 333 [ERROR] mysqld.exe: Ervenytelen info a file-ban: '.\mysql\user.frm'
2025-03-05 11:31:14 335 [ERROR] mysqld.exe: Ervenytelen info a file-ban: '.\mysql\user.frm'
2025-03-05 11:32:35 337 [ERROR] mysqld.exe: Ervenytelen info a file-ban: '.\mysql\user.frm'
2025-03-05 11:32:35 339 [ERROR] mysqld.exe: Ervenytelen info a file-ban: '.\mysql\user.frm'
2025-03-05 11:32:35 341 [ERROR] mysqld.exe: Ervenytelen info a file-ban: '.\mysql\user.frm'
2025-03-05 11:32:39 343 [ERROR] mysqld.exe: Ervenytelen info a file-ban: '.\mysql\user.frm'
2025-03-05 11:32:40 345 [ERROR] mysqld.exe: Ervenytelen info a file-ban: '.\mysql\user.frm'
2025-03-05 11:32:40 347 [ERROR] mysqld.exe: Ervenytelen info a file-ban: '.\mysql\user.frm'
2025-03-05 11:32:44 349 [ERROR] mysqld.exe: Ervenytelen info a file-ban: '.\mysql\user.frm'
2025-03-05 11:32:44 351 [ERROR] mysqld.exe: Ervenytelen info a file-ban: '.\mysql\user.frm'
2025-03-05 11:32:44 353 [ERROR] mysqld.exe: Ervenytelen info a file-ban: '.\mysql\user.frm'
2025-03-05 11:33:13 355 [ERROR] mysqld.exe: Ervenytelen info a file-ban: '.\mysql\user.frm'
2025-03-05 11:33:35 357 [ERROR] mysqld.exe: Ervenytelen info a file-ban: '.\mysql\user.frm'
2025-03-05 11:33:47 359 [ERROR] mysqld.exe: Ervenytelen info a file-ban: '.\mysql\user.frm'
2025-03-05 11:34:34 361 [ERROR] mysqld.exe: Ervenytelen info a file-ban: '.\mysql\user.frm'
2025-03-05 11:34:39 365 [ERROR] mysqld.exe: Ervenytelen info a file-ban: '.\mysql\user.frm'
2025-03-05 11:34:39 367 [ERROR] mysqld.exe: Ervenytelen info a file-ban: '.\mysql\user.frm'
2025-03-05 11:34:39 369 [ERROR] mysqld.exe: Ervenytelen info a file-ban: '.\mysql\user.frm'
2025-03-05 11:41:07 382 [ERROR] mysqld.exe: Ervenytelen info a file-ban: '.\mysql\user.frm'
2025-03-05 11:41:08 384 [ERROR] mysqld.exe: Ervenytelen info a file-ban: '.\mysql\user.frm'
2025-03-05 11:41:08 386 [ERROR] mysqld.exe: Ervenytelen info a file-ban: '.\mysql\user.frm'
2025-03-05 11:41:08 388 [ERROR] mysqld.exe: Ervenytelen info a file-ban: '.\mysql\user.frm'
2025-03-05 11:41:08 390 [ERROR] mysqld.exe: Ervenytelen info a file-ban: '.\mysql\user.frm'
2025-03-05 11:41:08 392 [ERROR] mysqld.exe: Ervenytelen info a file-ban: '.\mysql\user.frm'
2025-03-05 11:41:10 394 [ERROR] mysqld.exe: Ervenytelen info a file-ban: '.\mysql\user.frm'
2025-03-05 11:41:10 396 [ERROR] mysqld.exe: Ervenytelen info a file-ban: '.\mysql\user.frm'
2025-03-05 11:41:15 398 [ERROR] mysqld.exe: Ervenytelen info a file-ban: '.\mysql\user.frm'
2025-03-05 11:41:16 400 [ERROR] mysqld.exe: Ervenytelen info a file-ban: '.\mysql\user.frm'
2025-03-05 11:42:46 404 [ERROR] mysqld.exe: Ervenytelen info a file-ban: '.\mysql\user.frm'
2025-03-05 11:42:47 406 [ERROR] mysqld.exe: Ervenytelen info a file-ban: '.\mysql\user.frm'
2025-03-05 11:46:20 420 [ERROR] mysqld.exe: Ervenytelen info a file-ban: '.\mysql\user.frm'
2025-03-05 12:06:42 482 [ERROR] mysqld.exe: Ervenytelen info a file-ban: '.\mysql\user.frm'
2025-03-05 12:29:19 524 [ERROR] mysqld.exe: Ervenytelen info a file-ban: '.\mysql\user.frm'
2025-03-11  9:45:43 0 [Note] Starting MariaDB 10.4.32-MariaDB source revision c4143f909528e3fab0677a28631d10389354c491 as process 16380
2025-03-11  9:45:43 0 [Note] InnoDB: Mutexes and rw_locks use Windows interlocked functions
2025-03-11  9:45:43 0 [Note] InnoDB: Uses event mutexes
2025-03-11  9:45:43 0 [Note] InnoDB: Compressed tables use zlib 1.3
2025-03-11  9:45:43 0 [Note] InnoDB: Number of pools: 1
2025-03-11  9:45:43 0 [Note] InnoDB: Using SSE2 crc32 instructions
2025-03-11  9:45:43 0 [Note] InnoDB: Initializing buffer pool, total size = 16M, instances = 1, chunk size = 16M
2025-03-11  9:45:43 0 [Note] InnoDB: Completed initialization of buffer pool
2025-03-11  9:45:43 0 [Note] InnoDB: Starting crash recovery from checkpoint LSN=524015
2025-03-11  9:45:43 0 [Note] InnoDB: 128 out of 128 rollback segments are active.
2025-03-11  9:45:43 0 [Note] InnoDB: Removed temporary tablespace data file: "ibtmp1"
2025-03-11  9:45:43 0 [Note] InnoDB: Creating shared tablespace for temporary tables
2025-03-11  9:45:43 0 [Note] InnoDB: Setting file 'C:\Users\Felhasznalo3\Desktop\GymProjekt\xampp\mysql\data\ibtmp1' size to 12 MB. Physically writing the file full; Please wait ...
2025-03-11  9:45:43 0 [Note] InnoDB: File 'C:\Users\Felhasznalo3\Desktop\GymProjekt\xampp\mysql\data\ibtmp1' size is now 12 MB.
2025-03-11  9:45:43 0 [Note] InnoDB: Waiting for purge to start
2025-03-11  9:45:43 0 [Note] InnoDB: 10.4.32 started; log sequence number 524024; transaction id 481
2025-03-11  9:45:43 0 [Note] InnoDB: Loading buffer pool(s) from C:\Users\Felhasznalo3\Desktop\GymProjekt\xampp\mysql\data\ib_buffer_pool
2025-03-11  9:45:43 0 [Note] Plugin 'FEEDBACK' is disabled.
2025-03-11  9:45:43 0 [Note] InnoDB: Buffer pool(s) load completed at 250311  9:45:43
2025-03-11  9:45:43 0 [Note] Server socket created on IP: '::'.
2025-03-11  9:45:44 0 [Note] Reading of all Master_info entries succeeded
2025-03-11  9:45:44 0 [Note] Added new Master_info '' to hash table
2025-03-11  9:45:44 0 [Note] mysql\bin\mysqld.exe: ready for connections.
Version: '10.4.32-MariaDB'  socket: ''  port: 3306  mariadb.org binary distribution
2025-03-11  9:45:58 0 [Note] Starting MariaDB 10.4.32-MariaDB source revision c4143f909528e3fab0677a28631d10389354c491 as process 5604
2025-03-11  9:45:58 0 [Note] InnoDB: Mutexes and rw_locks use Windows interlocked functions
2025-03-11  9:45:58 0 [Note] InnoDB: Uses event mutexes
2025-03-11  9:45:58 0 [Note] InnoDB: Compressed tables use zlib 1.3
2025-03-11  9:45:58 0 [Note] InnoDB: Number of pools: 1
2025-03-11  9:45:58 0 [Note] InnoDB: Using SSE2 crc32 instructions
2025-03-11  9:45:58 0 [Note] InnoDB: Initializing buffer pool, total size = 16M, instances = 1, chunk size = 16M
2025-03-11  9:45:58 0 [Note] InnoDB: Completed initialization of buffer pool
2025-03-11  9:45:58 0 [Note] InnoDB: Starting crash recovery from checkpoint LSN=524033
2025-03-11  9:45:58 0 [Note] InnoDB: 128 out of 128 rollback segments are active.
2025-03-11  9:45:58 0 [Note] InnoDB: Removed temporary tablespace data file: "ibtmp1"
2025-03-11  9:45:58 0 [Note] InnoDB: Creating shared tablespace for temporary tables
2025-03-11  9:45:58 0 [Note] InnoDB: Setting file 'C:\Users\Felhasznalo3\Desktop\GymProjekt\xampp\mysql\data\ibtmp1' size to 12 MB. Physically writing the file full; Please wait ...
2025-03-11  9:45:58 0 [Note] InnoDB: File 'C:\Users\Felhasznalo3\Desktop\GymProjekt\xampp\mysql\data\ibtmp1' size is now 12 MB.
2025-03-11  9:45:58 0 [Note] InnoDB: Waiting for purge to start
2025-03-11  9:45:58 0 [Note] InnoDB: 10.4.32 started; log sequence number 524042; transaction id 481
2025-03-11  9:45:58 0 [Note] InnoDB: Loading buffer pool(s) from C:\Users\Felhasznalo3\Desktop\GymProjekt\xampp\mysql\data\ib_buffer_pool
2025-03-11  9:45:58 0 [Note] Plugin 'FEEDBACK' is disabled.
2025-03-11  9:45:58 0 [Note] Server socket created on IP: '::'.
2025-03-11 12:45:36 0 [Note] Starting MariaDB 10.4.32-MariaDB source revision c4143f909528e3fab0677a28631d10389354c491 as process 4968
2025-03-11 12:45:36 0 [Note] InnoDB: Mutexes and rw_locks use Windows interlocked functions
2025-03-11 12:45:36 0 [Note] InnoDB: Uses event mutexes
2025-03-11 12:45:36 0 [Note] InnoDB: Compressed tables use zlib 1.3
2025-03-11 12:45:36 0 [Note] InnoDB: Number of pools: 1
2025-03-11 12:45:36 0 [Note] InnoDB: Using SSE2 crc32 instructions
2025-03-11 12:45:36 0 [Note] InnoDB: Initializing buffer pool, total size = 16M, instances = 1, chunk size = 16M
2025-03-11 12:45:36 0 [Note] InnoDB: Completed initialization of buffer pool
2025-03-11 12:45:36 0 [Note] InnoDB: Starting crash recovery from checkpoint LSN=533702
2025-03-11 12:45:36 0 [Note] InnoDB: 128 out of 128 rollback segments are active.
2025-03-11 12:45:36 0 [Note] InnoDB: Removed temporary tablespace data file: "ibtmp1"
2025-03-11 12:45:36 0 [Note] InnoDB: Creating shared tablespace for temporary tables
2025-03-11 12:45:36 0 [Note] InnoDB: Setting file 'C:\Users\Felhasznalo3\Desktop\GymProjekt\xampp\mysql\data\ibtmp1' size to 12 MB. Physically writing the file full; Please wait ...
2025-03-11 12:45:36 0 [Note] InnoDB: File 'C:\Users\Felhasznalo3\Desktop\GymProjekt\xampp\mysql\data\ibtmp1' size is now 12 MB.
2025-03-11 12:45:36 0 [Note] InnoDB: Waiting for purge to start
2025-03-11 12:45:36 0 [Note] InnoDB: 10.4.32 started; log sequence number 533711; transaction id 542
2025-03-11 12:45:36 0 [Note] Plugin 'FEEDBACK' is disabled.
2025-03-11 12:45:36 0 [Note] InnoDB: Loading buffer pool(s) from C:\Users\Felhasznalo3\Desktop\GymProjekt\xampp\mysql\data\ib_buffer_pool
2025-03-11 12:45:36 0 [Note] InnoDB: Buffer pool(s) load completed at 250311 12:45:36
2025-03-11 12:45:36 0 [Note] Server socket created on IP: '::'.
2025-03-12 11:00:40 0 [Note] Starting MariaDB 10.4.32-MariaDB source revision c4143f909528e3fab0677a28631d10389354c491 as process 9416
2025-03-12 11:00:40 0 [Note] InnoDB: Mutexes and rw_locks use Windows interlocked functions
2025-03-12 11:00:40 0 [Note] InnoDB: Uses event mutexes
2025-03-12 11:00:40 0 [Note] InnoDB: Compressed tables use zlib 1.3
2025-03-12 11:00:40 0 [Note] InnoDB: Number of pools: 1
2025-03-12 11:00:40 0 [Note] InnoDB: Using SSE2 crc32 instructions
2025-03-12 11:00:40 0 [Note] InnoDB: Initializing buffer pool, total size = 16M, instances = 1, chunk size = 16M
2025-03-12 11:00:40 0 [Note] InnoDB: Completed initialization of buffer pool
2025-03-12 11:00:40 0 [Note] InnoDB: Starting crash recovery from checkpoint LSN=534634
2025-03-12 11:00:40 0 [Note] InnoDB: 128 out of 128 rollback segments are active.
2025-03-12 11:00:40 0 [Note] InnoDB: Removed temporary tablespace data file: "ibtmp1"
2025-03-12 11:00:40 0 [Note] InnoDB: Creating shared tablespace for temporary tables
2025-03-12 11:00:40 0 [Note] InnoDB: Setting file 'C:\Users\Rendszergazda\Desktop\xampp\mysql\data\ibtmp1' size to 12 MB. Physically writing the file full; Please wait ...
2025-03-12 11:00:40 0 [Note] InnoDB: File 'C:\Users\Rendszergazda\Desktop\xampp\mysql\data\ibtmp1' size is now 12 MB.
2025-03-12 11:00:40 0 [Note] InnoDB: Waiting for purge to start
2025-03-12 11:00:40 0 [Note] InnoDB: 10.4.32 started; log sequence number 534643; transaction id 566
2025-03-12 11:00:40 0 [Note] InnoDB: Loading buffer pool(s) from C:\Users\Rendszergazda\Desktop\xampp\mysql\data\ib_buffer_pool
2025-03-12 11:00:40 0 [Note] Plugin 'FEEDBACK' is disabled.
2025-03-12 11:00:40 0 [Note] InnoDB: Buffer pool(s) load completed at 250312 11:00:40
2025-03-12 11:00:40 0 [Note] Server socket created on IP: '::'.
2025-03-12 11:00:41 0 [Note] Reading of all Master_info entries succeeded
2025-03-12 11:00:41 0 [Note] Added new Master_info '' to hash table
2025-03-12 11:00:41 0 [Note] mysql\bin\mysqld.exe: ready for connections.
Version: '10.4.32-MariaDB'  socket: ''  port: 3306  mariadb.org binary distribution
2025-03-12 11:01:08 0 [Note] Starting MariaDB 10.4.32-MariaDB source revision c4143f909528e3fab0677a28631d10389354c491 as process 2560
2025-03-12 11:01:08 0 [Note] InnoDB: Mutexes and rw_locks use Windows interlocked functions
2025-03-12 11:01:08 0 [Note] InnoDB: Uses event mutexes
2025-03-12 11:01:08 0 [Note] InnoDB: Compressed tables use zlib 1.3
2025-03-12 11:01:08 0 [Note] InnoDB: Number of pools: 1
2025-03-12 11:01:08 0 [Note] InnoDB: Using SSE2 crc32 instructions
2025-03-12 11:01:08 0 [Note] InnoDB: Initializing buffer pool, total size = 16M, instances = 1, chunk size = 16M
2025-03-12 11:01:08 0 [Note] InnoDB: Completed initialization of buffer pool
2025-03-12 11:01:08 0 [Note] InnoDB: Starting crash recovery from checkpoint LSN=534652
2025-03-12 11:01:08 0 [Note] InnoDB: 128 out of 128 rollback segments are active.
2025-03-12 11:01:08 0 [Note] InnoDB: Removed temporary tablespace data file: "ibtmp1"
2025-03-12 11:01:08 0 [Note] InnoDB: Creating shared tablespace for temporary tables
2025-03-12 11:01:08 0 [Note] InnoDB: Setting file 'C:\Users\Rendszergazda\Desktop\xampp\mysql\data\ibtmp1' size to 12 MB. Physically writing the file full; Please wait ...
2025-03-12 11:01:08 0 [Note] InnoDB: File 'C:\Users\Rendszergazda\Desktop\xampp\mysql\data\ibtmp1' size is now 12 MB.
2025-03-12 11:01:08 0 [Note] InnoDB: Waiting for purge to start
2025-03-12 11:01:09 0 [Note] InnoDB: 10.4.32 started; log sequence number 534661; transaction id 566
2025-03-12 11:01:09 0 [Note] InnoDB: Loading buffer pool(s) from C:\Users\Rendszergazda\Desktop\xampp\mysql\data\ib_buffer_pool
2025-03-12 11:01:09 0 [Note] Plugin 'FEEDBACK' is disabled.
2025-03-12 11:01:09 0 [Note] Server socket created on IP: '::'.
2025-03-12 12:11:00 0 [Note] Starting MariaDB 10.4.32-MariaDB source revision c4143f909528e3fab0677a28631d10389354c491 as process 6024
2025-03-12 12:11:00 0 [Note] InnoDB: Mutexes and rw_locks use Windows interlocked functions
2025-03-12 12:11:00 0 [Note] InnoDB: Uses event mutexes
2025-03-12 12:11:00 0 [Note] InnoDB: Compressed tables use zlib 1.3
2025-03-12 12:11:00 0 [Note] InnoDB: Number of pools: 1
2025-03-12 12:11:00 0 [Note] InnoDB: Using SSE2 crc32 instructions
2025-03-12 12:11:00 0 [Note] InnoDB: Initializing buffer pool, total size = 16M, instances = 1, chunk size = 16M
2025-03-12 12:11:00 0 [Note] InnoDB: Completed initialization of buffer pool
2025-03-12 12:11:00 0 [Note] InnoDB: Starting crash recovery from checkpoint LSN=567582
2025-03-12 12:11:01 0 [Note] InnoDB: 128 out of 128 rollback segments are active.
2025-03-12 12:11:01 0 [Note] InnoDB: Removed temporary tablespace data file: "ibtmp1"
2025-03-12 12:11:01 0 [Note] InnoDB: Creating shared tablespace for temporary tables
2025-03-12 12:11:01 0 [Note] InnoDB: Setting file 'C:\Users\Felhasznalo3\Desktop\GymProjekt\xampp\mysql\data\ibtmp1' size to 12 MB. Physically writing the file full; Please wait ...
2025-03-12 12:11:01 0 [Note] InnoDB: File 'C:\Users\Felhasznalo3\Desktop\GymProjekt\xampp\mysql\data\ibtmp1' size is now 12 MB.
2025-03-12 12:11:01 0 [Note] InnoDB: Waiting for purge to start
2025-03-12 12:11:01 0 [Note] InnoDB: 10.4.32 started; log sequence number 567591; transaction id 608
2025-03-12 12:11:01 0 [Note] InnoDB: Loading buffer pool(s) from C:\Users\Felhasznalo3\Desktop\GymProjekt\xampp\mysql\data\ib_buffer_pool
2025-03-12 12:11:01 0 [Note] Plugin 'FEEDBACK' is disabled.
2025-03-12 12:11:01 0 [Note] Server socket created on IP: '::'.
2025-03-14 10:33:02 0 [Note] Starting MariaDB 10.4.32-MariaDB source revision c4143f909528e3fab0677a28631d10389354c491 as process 2132
2025-03-14 10:33:02 0 [Note] InnoDB: Mutexes and rw_locks use Windows interlocked functions
2025-03-14 10:33:02 0 [Note] InnoDB: Uses event mutexes
2025-03-14 10:33:02 0 [Note] InnoDB: Compressed tables use zlib 1.3
2025-03-14 10:33:02 0 [Note] InnoDB: Number of pools: 1
2025-03-14 10:33:02 0 [Note] InnoDB: Using SSE2 crc32 instructions
2025-03-14 10:33:02 0 [Note] InnoDB: Initializing buffer pool, total size = 16M, instances = 1, chunk size = 16M
2025-03-14 10:33:02 0 [Note] InnoDB: Completed initialization of buffer pool
2025-03-14 10:33:02 0 [Note] InnoDB: Starting crash recovery from checkpoint LSN=679966
2025-03-14 10:33:03 0 [Note] InnoDB: 128 out of 128 rollback segments are active.
2025-03-14 10:33:03 0 [Note] InnoDB: Removed temporary tablespace data file: "ibtmp1"
2025-03-14 10:33:03 0 [Note] InnoDB: Creating shared tablespace for temporary tables
2025-03-14 10:33:03 0 [Note] InnoDB: Setting file 'C:\Users\Felhasznalo3\Desktop\GymProjekt\xampp\mysql\data\ibtmp1' size to 12 MB. Physically writing the file full; Please wait ...
2025-03-14 10:33:03 0 [Note] InnoDB: File 'C:\Users\Felhasznalo3\Desktop\GymProjekt\xampp\mysql\data\ibtmp1' size is now 12 MB.
2025-03-14 10:33:03 0 [Note] InnoDB: Waiting for purge to start
2025-03-14 10:33:03 0 [Note] InnoDB: 10.4.32 started; log sequence number 679975; transaction id 680
2025-03-14 10:33:03 0 [Note] InnoDB: Loading buffer pool(s) from C:\Users\Felhasznalo3\Desktop\GymProjekt\xampp\mysql\data\ib_buffer_pool
2025-03-14 10:33:03 0 [Note] Plugin 'FEEDBACK' is disabled.
2025-03-14 10:33:03 0 [Note] InnoDB: Buffer pool(s) load completed at 250314 10:33:03
2025-03-14 10:33:03 0 [Note] Server socket created on IP: '::'.
2025-04-10 21:02:45 0 [Note] Starting MariaDB 10.4.32-MariaDB source revision c4143f909528e3fab0677a28631d10389354c491 as process 20264
2025-04-10 21:02:45 0 [Note] InnoDB: Mutexes and rw_locks use Windows interlocked functions
2025-04-10 21:02:45 0 [Note] InnoDB: Uses event mutexes
2025-04-10 21:02:45 0 [Note] InnoDB: Compressed tables use zlib 1.3
2025-04-10 21:02:45 0 [Note] InnoDB: Number of pools: 1
2025-04-10 21:02:45 0 [Note] InnoDB: Using SSE2 crc32 instructions
2025-04-10 21:02:45 0 [Note] InnoDB: Initializing buffer pool, total size = 16M, instances = 1, chunk size = 16M
2025-04-10 21:02:45 0 [Note] InnoDB: Completed initialization of buffer pool
2025-04-10 21:02:45 0 [Note] InnoDB: Starting crash recovery from checkpoint LSN=1211980
2025-04-10 21:02:45 0 [Note] InnoDB: 128 out of 128 rollback segments are active.
2025-04-10 21:02:45 0 [Note] InnoDB: Removed temporary tablespace data file: "ibtmp1"
2025-04-10 21:02:45 0 [Note] InnoDB: Creating shared tablespace for temporary tables
2025-04-10 21:02:45 0 [Note] InnoDB: Setting file 'C:\Users\user\Desktop\GymProjekt\xampp\mysql\data\ibtmp1' size to 12 MB. Physically writing the file full; Please wait ...
2025-04-10 21:02:45 0 [Note] InnoDB: File 'C:\Users\user\Desktop\GymProjekt\xampp\mysql\data\ibtmp1' size is now 12 MB.
2025-04-10 21:02:45 0 [Note] InnoDB: Waiting for purge to start
2025-04-10 21:02:45 0 [Note] InnoDB: 10.4.32 started; log sequence number 1211989; transaction id 873
2025-04-10 21:02:45 0 [Note] InnoDB: Loading buffer pool(s) from C:\Users\user\Desktop\GymProjekt\xampp\mysql\data\ib_buffer_pool
2025-04-10 21:02:45 0 [Note] Plugin 'FEEDBACK' is disabled.
2025-04-10 21:02:45 0 [Note] Server socket created on IP: '::'.
2025-04-16 16:17:49 0 [Note] Starting MariaDB 10.4.32-MariaDB source revision c4143f909528e3fab0677a28631d10389354c491 as process 6924
2025-04-16 16:17:49 0 [Note] InnoDB: Mutexes and rw_locks use Windows interlocked functions
2025-04-16 16:17:49 0 [Note] InnoDB: Uses event mutexes
2025-04-16 16:17:49 0 [Note] InnoDB: Compressed tables use zlib 1.3
2025-04-16 16:17:49 0 [Note] InnoDB: Number of pools: 1
2025-04-16 16:17:49 0 [Note] InnoDB: Using SSE2 crc32 instructions
2025-04-16 16:17:49 0 [Note] InnoDB: Initializing buffer pool, total size = 16M, instances = 1, chunk size = 16M
2025-04-16 16:17:49 0 [Note] InnoDB: Completed initialization of buffer pool
2025-04-16 16:17:49 0 [Note] InnoDB: Starting crash recovery from checkpoint LSN=1211998
2025-04-16 16:17:50 0 [Note] InnoDB: 128 out of 128 rollback segments are active.
2025-04-16 16:17:50 0 [Note] InnoDB: Removed temporary tablespace data file: "ibtmp1"
2025-04-16 16:17:50 0 [Note] InnoDB: Creating shared tablespace for temporary tables
2025-04-16 16:17:50 0 [Note] InnoDB: Setting file 'C:\Users\user\Desktop\GymProjekt\xampp\mysql\data\ibtmp1' size to 12 MB. Physically writing the file full; Please wait ...
2025-04-16 16:17:50 0 [Note] InnoDB: File 'C:\Users\user\Desktop\GymProjekt\xampp\mysql\data\ibtmp1' size is now 12 MB.
2025-04-16 16:17:50 0 [Note] InnoDB: Waiting for purge to start
2025-04-16 16:17:50 0 [Note] InnoDB: 10.4.32 started; log sequence number 1212007; transaction id 873
2025-04-16 16:17:50 0 [Note] InnoDB: Loading buffer pool(s) from C:\Users\user\Desktop\GymProjekt\xampp\mysql\data\ib_buffer_pool
2025-04-16 16:17:50 0 [Note] Plugin 'FEEDBACK' is disabled.
2025-04-16 16:17:50 0 [Note] InnoDB: Buffer pool(s) load completed at 250416 16:17:50
2025-04-16 16:17:50 0 [Note] Server socket created on IP: '::'.
2025-04-18 13:05:33 0 [Note] Starting MariaDB 10.4.32-MariaDB source revision c4143f909528e3fab0677a28631d10389354c491 as process 25556
2025-04-18 13:05:33 0 [Note] InnoDB: Mutexes and rw_locks use Windows interlocked functions
2025-04-18 13:05:33 0 [Note] InnoDB: Uses event mutexes
2025-04-18 13:05:33 0 [Note] InnoDB: Compressed tables use zlib 1.3
2025-04-18 13:05:33 0 [Note] InnoDB: Number of pools: 1
2025-04-18 13:05:33 0 [Note] InnoDB: Using SSE2 crc32 instructions
2025-04-18 13:05:33 0 [Note] InnoDB: Initializing buffer pool, total size = 16M, instances = 1, chunk size = 16M
2025-04-18 13:05:33 0 [Note] InnoDB: Completed initialization of buffer pool
2025-04-18 13:05:33 0 [Note] InnoDB: Starting crash recovery from checkpoint LSN=1629248
2025-04-18 13:05:34 0 [Note] InnoDB: 128 out of 128 rollback segments are active.
2025-04-18 13:05:34 0 [Note] InnoDB: Removed temporary tablespace data file: "ibtmp1"
2025-04-18 13:05:34 0 [Note] InnoDB: Creating shared tablespace for temporary tables
2025-04-18 13:05:34 0 [Note] InnoDB: Setting file 'C:\Users\user\Desktop\GymProjekt\xampp\mysql\data\ibtmp1' size to 12 MB. Physically writing the file full; Please wait ...
2025-04-18 13:05:34 0 [Note] InnoDB: File 'C:\Users\user\Desktop\GymProjekt\xampp\mysql\data\ibtmp1' size is now 12 MB.
2025-04-18 13:05:34 0 [Note] InnoDB: Waiting for purge to start
2025-04-18 13:05:34 0 [Note] InnoDB: 10.4.32 started; log sequence number 1629257; transaction id 1233
2025-04-18 13:05:34 0 [Note] InnoDB: Loading buffer pool(s) from C:\Users\user\Desktop\GymProjekt\xampp\mysql\data\ib_buffer_pool
2025-04-18 13:05:34 0 [Note] Plugin 'FEEDBACK' is disabled.
2025-04-18 13:05:34 0 [Note] InnoDB: Buffer pool(s) load completed at 250418 13:05:34
2025-04-18 13:05:34 0 [Note] Server socket created on IP: '::'.
2025-04-23 15:11:23 0 [Note] Starting MariaDB 10.4.32-MariaDB source revision c4143f909528e3fab0677a28631d10389354c491 as process 16356
2025-04-23 15:11:23 0 [Note] InnoDB: Mutexes and rw_locks use Windows interlocked functions
2025-04-23 15:11:23 0 [Note] InnoDB: Uses event mutexes
2025-04-23 15:11:23 0 [Note] InnoDB: Compressed tables use zlib 1.3
2025-04-23 15:11:23 0 [Note] InnoDB: Number of pools: 1
2025-04-23 15:11:23 0 [Note] InnoDB: Using SSE2 crc32 instructions
2025-04-23 15:11:23 0 [Note] InnoDB: Initializing buffer pool, total size = 16M, instances = 1, chunk size = 16M
2025-04-23 15:11:23 0 [Note] InnoDB: Completed initialization of buffer pool
2025-04-23 15:11:23 0 [Note] InnoDB: Starting crash recovery from checkpoint LSN=2831809
2025-04-23 15:11:23 0 [Note] InnoDB: 128 out of 128 rollback segments are active.
2025-04-23 15:11:23 0 [Note] InnoDB: Removed temporary tablespace data file: "ibtmp1"
2025-04-23 15:11:23 0 [Note] InnoDB: Creating shared tablespace for temporary tables
2025-04-23 15:11:23 0 [Note] InnoDB: Setting file 'C:\Users\user\Desktop\GymProjekt\xampp\mysql\data\ibtmp1' size to 12 MB. Physically writing the file full; Please wait ...
2025-04-23 15:11:23 0 [Note] InnoDB: File 'C:\Users\user\Desktop\GymProjekt\xampp\mysql\data\ibtmp1' size is now 12 MB.
2025-04-23 15:11:23 0 [Note] InnoDB: Waiting for purge to start
2025-04-23 15:11:23 0 [Note] InnoDB: 10.4.32 started; log sequence number 2831818; transaction id 1507
2025-04-23 15:11:23 0 [Note] InnoDB: Loading buffer pool(s) from C:\Users\user\Desktop\GymProjekt\xampp\mysql\data\ib_buffer_pool
2025-04-23 15:11:23 0 [Note] Plugin 'FEEDBACK' is disabled.
2025-04-23 15:11:23 0 [Note] InnoDB: Buffer pool(s) load completed at 250423 15:11:23
2025-04-23 15:11:23 0 [Note] Server socket created on IP: '::'.
